[0m11:08:10.141782 [debug] [MainThread]: Sending event: {'category': 'dbt', 'action': 'invocation', 'label': 'start', 'context': [<snowplow_tracker.self_describing_json.SelfDescribingJson object at 0x00000187FAAAA690>, <snowplow_tracker.self_describing_json.SelfDescribingJson object at 0x00000187FAAA3190>, <snowplow_tracker.self_describing_json.SelfDescribingJson object at 0x00000187FBADB250>]}


============================== 11:08:10.151458 | 0e8c2db9-c26b-4147-b773-1b2b6c3e90a5 ==============================
[0m11:08:10.151458 [info ] [MainThread]: Running with dbt=1.11.8
[0m11:08:10.154469 [debug] [MainThread]: running dbt with arguments {'version_check': 'True', 'no_print': 'None', 'static_parser': 'True', 'target_path': 'None', 'warn_error_options': 'WarnErrorOptionsV2(error=[], warn=[], silence=[])', 'printer_width': '80', 'write_json': 'True', 'empty': 'None', 'log_cache_events': 'False', 'introspect': 'True', 'cache_selected_only': 'False', 'fail_fast': 'False', 'debug': 'False', 'log_format': 'default', 'profiles_dir': 'C:\\Users\\Admin\\.dbt', 'send_anonymous_usage_stats': 'True', 'quiet': 'False', 'warn_error': 'None', 'partial_parse': 'True', 'indirect_selection': 'eager', 'invocation_command': 'dbt ls', 'use_colors': 'True', 'use_experimental_parser': 'False', 'log_path': 'logs'}
[0m11:08:10.156203 [error] [MainThread]: Encountered an error:
Runtime Error
  No dbt_project.yml found at expected path C:\SF_DEV_EXP\lakehouse-project\docker\dbt_project.yml
  Verify that each entry within packages.yml (and their transitive dependencies) contains a file named dbt_project.yml
  
[0m11:08:10.159519 [debug] [MainThread]: Command `dbt ls` failed at 11:08:10.159519 after 0.19 seconds
[0m11:08:10.160597 [debug] [MainThread]: Sending event: {'category': 'dbt', 'action': 'invocation', 'label': 'end', 'context': [<snowplow_tracker.self_describing_json.SelfDescribingJson object at 0x00000187FAADA310>, <snowplow_tracker.self_describing_json.SelfDescribingJson object at 0x00000187FAAB0490>, <snowplow_tracker.self_describing_json.SelfDescribingJson object at 0x00000187F3C84B10>]}
[0m11:08:10.161697 [debug] [MainThread]: Flushing usage events
[0m11:08:11.960593 [debug] [MainThread]: An error was encountered while trying to flush usage events
[0m11:08:43.583277 [debug] [MainThread]: Sending event: {'category': 'dbt', 'action': 'invocation', 'label': 'start', 'context': [<snowplow_tracker.self_describing_json.SelfDescribingJson object at 0x0000028AA4A9B310>, <snowplow_tracker.self_describing_json.SelfDescribingJson object at 0x0000028AA3A09B10>, <snowplow_tracker.self_describing_json.SelfDescribingJson object at 0x0000028AA4A9B710>]}


============================== 11:08:43.586780 | dd1bf78e-f255-4af0-9cc9-76dd23176eec ==============================
[0m11:08:43.586780 [info ] [MainThread]: Running with dbt=1.11.8
[0m11:08:43.587787 [debug] [MainThread]: running dbt with arguments {'version_check': 'True', 'no_print': 'None', 'static_parser': 'True', 'warn_error_options': 'WarnErrorOptionsV2(error=[], warn=[], silence=[])', 'target_path': 'None', 'printer_width': '80', 'write_json': 'True', 'introspect': 'True', 'log_cache_events': 'False', 'empty': 'None', 'cache_selected_only': 'False', 'fail_fast': 'False', 'debug': 'False', 'log_format': 'default', 'partial_parse': 'True', 'send_anonymous_usage_stats': 'True', 'quiet': 'False', 'warn_error': 'None', 'profiles_dir': 'C:\\Users\\Admin\\.dbt', 'invocation_command': 'dbt test', 'indirect_selection': 'eager', 'use_colors': 'True', 'use_experimental_parser': 'False', 'log_path': 'logs'}
[0m11:08:43.588788 [error] [MainThread]: Encountered an error:
Runtime Error
  No dbt_project.yml found at expected path C:\SF_DEV_EXP\lakehouse-project\docker\dbt_project.yml
  Verify that each entry within packages.yml (and their transitive dependencies) contains a file named dbt_project.yml
  
[0m11:08:43.590789 [debug] [MainThread]: Command `dbt test` failed at 11:08:43.589792 after 0.10 seconds
[0m11:08:43.590789 [debug] [MainThread]: Sending event: {'category': 'dbt', 'action': 'invocation', 'label': 'end', 'context': [<snowplow_tracker.self_describing_json.SelfDescribingJson object at 0x0000028AA3A09BD0>, <snowplow_tracker.self_describing_json.SelfDescribingJson object at 0x0000028A9CBF4D10>, <snowplow_tracker.self_describing_json.SelfDescribingJson object at 0x0000028AA3A03A50>]}
[0m11:08:43.591792 [debug] [MainThread]: Flushing usage events
[0m11:08:44.430356 [debug] [MainThread]: An error was encountered while trying to flush usage events
